Daum articles to DB time : 2022-05-18 22:01:41.185313
NAVER articles to DB time : 2022-05-18 22:31:39.866433
Zum articles to DB time : 2022-05-18 23:03:56.930776
Daum articles to DB time : 2022-05-19 00:01:44.367906
NAVER articles to DB time : 2022-05-19 00:31:32.966393
Delete articles in DB time : 2022-05-19 00:55:01.162379
Zum articles to DB time : 2022-05-19 01:03:31.398749
Daum articles to DB time : 2022-05-19 02:01:37.063336
NAVER articles to DB time : 2022-05-19 02:58:57.133120
Zum articles to DB time : 2022-05-19 03:36:12.715250
Daum articles to DB time : 2022-05-19 04:01:36.660193
Zum articles to DB time : 2022-05-19 09:45:17.705115
NAVER articles to DB time : 2022-05-19 12:56:27.102181
Zum articles to DB time : 2022-05-19 13:28:24.629850
Daum articles to DB time : 2022-05-19 16:17:44.341888
